// Bun Snapshot v1, https://goo.gl/fbAQLP

exports[`codegen array1.ts pass 1`] = `
{
  "$name": "array",
  "elementType": {
    "type": 1073741826,
  },
  "type": 5,
}
`;

exports[`codegen undefined.ts pass 1`] = `
{
  "$name": "undefinedType",
  "type": 1073741824,
}
`;

exports[`codegen boolean.ts pass 1`] = `
{
  "$name": "booleanType",
  "type": 1073741827,
}
`;

exports[`codegen array2.ts pass 1`] = `
{
  "$name": "array",
  "elementType": {
    "elementType": {
      "type": 1073741826,
    },
    "type": 5,
  },
  "type": 5,
}
`;

exports[`codegen number.ts pass 1`] = `
{
  "$name": "numberType",
  "type": 1073741826,
}
`;

exports[`codegen null.ts pass 1`] = `
{
  "$name": "nullType",
  "type": 1073741825,
}
`;

exports[`codegen array1.ts 1`] = `
{
  "$name": "array",
  "elementType": {
    "type": 1073741826,
  },
  "type": 5,
}
`;

exports[`codegen undefined.ts 1`] = `
{
  "$name": "undefinedType",
  "type": 1073741824,
}
`;

exports[`codegen boolean.ts 1`] = `
{
  "$name": "booleanType",
  "type": 1073741827,
}
`;

exports[`codegen array2.ts 1`] = `
{
  "$name": "array",
  "elementType": {
    "elementType": {
      "type": 1073741826,
    },
    "type": 5,
  },
  "type": 5,
}
`;

exports[`codegen number.ts 1`] = `
{
  "$name": "numberType",
  "type": 1073741826,
}
`;

exports[`codegen null.ts 1`] = `
{
  "$name": "nullType",
  "type": 1073741825,
}
`;

exports[`codegen object.ts 1`] = `
{
  "$name": "objectType",
  "members": {
    "a": {
      "type": 1073741826,
    },
    "b": {
      "type": 1073741827,
    },
  },
  "type": 6,
}
`;
