// Bun Snapshot v1, https://goo.gl/fbAQLP

exports[`codegen undefined.ts 1`] = `
{
  "$name": "undefinedType",
  "type": 1073741824,
}
`;

exports[`codegen boolean.ts 1`] = `
{
  "$name": "booleanType",
  "type": 1073741827,
}
`;

exports[`codegen number.ts 1`] = `
{
  "$name": "numberType",
  "type": 1073741826,
}
`;

exports[`codegen null.ts 1`] = `
{
  "$name": "nullType",
  "type": 1073741825,
}
`;
